decode prose 0 0.183 53.22 384
decode prose 1 0.156 55.93 384
decode prose 2 0.154 55.78 384
decode code 0 0.146 68.81 384
decode code 1 0.148 71.24 384
decode code 2 0.147 71.26 384
decode json 0 0.161 63.65 384
decode json 1 0.159 65.98 384
decode json 2 0.16 65.93 384
prefill 2048 0 2022 0.742
prefill 2048 1 2023 0.72
prefill 8192 0 8170 2.097
prefill 8192 1 8169 2.104
prefill 16384 0 16390 4.094
prefill 16384 1 16408 4.237
prefill 28672 0 28809 7.424
prefill 28672 1 28819 7.529
warm 8192 0 8162 32 2.162
warm 8192 1 8191 8160 0.185
warm 8192 2 8239 8176 0.188
warm 8192 3 8286 8224 0.167
warm 8192 4 8333 8272 0.16
warm 8192 5 8380 8320 0.18
warm 20480 0 20542 32 5.451
warm 20480 1 20571 20528 0.24
warm 20480 2 20622 20560 0.175
warm 20480 3 20670 20608 0.192
warm 20480 4 20718 20656 0.188
warm 20480 5 20766 20704 0.183
wrote bench-RECIPE.json
